Error: Variable 'a' already declared: line 4
Error: Variable 'a' already declared: line 16
